[1/73 +1441s] ('safety_layer', 'S1_grid_normal', 456, 'ok', 214511.80812914818, 0.0, 0.9386935191604568, 1440.5408582687378)
[2/73 +1477s] ('fuzzy_sac', 'S1_grid_normal', 456, 'ok', 92697.04087598588, 0.0, 0.9936212154802979, 1477.0336272716522)
[3/73 +1551s] ('fuzzy_sac', 'S1_grid_normal', 123, 'ok', 121241.41617850929, 99.10714285714286, 0.5857859705268267, 1551.1516797542572)
[4/73 +1564s] ('fuzzy_sac', 'S1_grid_normal', 42, 'ok', 104003.89166238249, 58.92857142857143, 0.763706377172914, 1563.834407567978)
[5/73 +1569s] ('sac', 'S2_grid_extreme', 42, 'ok', 190374.48282130942, 99.25595238095238, 0.5640751886466637, 1568.5876779556274)
[6/73 +2420s] ('hfg_sac', 'S1_grid_normal', 42, 'ok', 63627.80252771021, 98.36309523809521, 0.6224573528704436, 2420.117026567459)
[7/73 +2439s] ('hfg_sac', 'S1_grid_normal', 123, 'ok', 103493.05833728857, 75.59523809523809, 0.7126075432314438, 2438.6809208393097)
[8/73 +2385s] ('hfg_sac', 'S1_grid_normal', 456, 'ok', 87772.16939874066, 0.0, 0.98444097558303, 2384.8580935001373)
[9/73 +242s] ('ppo', 'S2_grid_extreme', 42, 'ok', 105234.46696789944, 62.79761904761905, 0.7170516639456908, 242.26193261146545)
[10/73 +289s] ('ppo', 'S2_grid_extreme', 123, 'ok', 116249.21648507188, 35.41666666666667, 0.814260187298865, 288.5196087360382)
[11/73 +298s] ('ppo', 'S2_grid_extreme', 456, 'ok', 128820.90067435158, 28.273809523809526, 0.8438039247278948, 298.2084114551544)
[12/73 +261s] ('ppo_lagrangian', 'S2_grid_extreme', 42, 'ok', 278521.90074551484, 0.0, 0.9999889041321163, 261.37596559524536)
[13/73 +1512s] ('sac', 'S2_grid_extreme', 123, 'ok', 160376.65791443823, 99.25595238095238, 0.6164758691864137, 1511.51651597023)
[14/73 +302s] ('ppo_lagrangian', 'S2_grid_extreme', 123, 'ok', 294894.0781150656, 0.0, 0.9999946358736429, 301.5680329799652)
[15/73 +284s] ('ppo_lagrangian', 'S2_grid_extreme', 456, 'ok', 354111.8843161216, 0.0, 0.9999939706028821, 283.5351388454437)
[16/73 +290s] ('cpo', 'S2_grid_extreme', 42, 'ok', 211782.2343326279, 0.0, 0.9994332445794841, 289.5053668022156)
[17/73 +262s] ('cpo', 'S2_grid_extreme', 123, 'ok', 208408.8606520042, 0.0, 0.9989399344257459, 261.7402729988098)
[18/73 +285s] ('cpo', 'S2_grid_extreme', 456, 'ok', 244988.49751601758, 0.0, 0.9998347796561473, 284.53728127479553)
[19/73 +1501s] ('sac', 'S2_grid_extreme', 456, 'ok', 191452.96974976265, 99.25595238095238, 0.5689781268877521, 1501.4816942214966)
[20/73 +1738s] ('safety_layer', 'S2_grid_extreme', 42, 'ok', 364582.0356163736, 0.0, 0.991008660875076, 1737.6518936157227)
[21/73 +1715s] ('safety_layer', 'S2_grid_extreme', 456, 'ok', 224439.77965596746, 0.0, 0.9318574499079493, 1715.0689477920532)
[22/73 +1752s] ('safety_layer', 'S2_grid_extreme', 123, 'ok', 262444.9285705666, 0.0, 0.9532351390747967, 1751.8933198451996)
[23/73 +1877s] ('fuzzy_sac', 'S2_grid_extreme', 42, 'ok', 184661.0765739856, 99.25595238095238, 0.5590717210274329, 1876.801008939743)
[24/73 +1718s] ('fuzzy_sac', 'S2_grid_extreme', 123, 'ok', 210532.01900868764, 99.25595238095238, 0.6071147713569222, 1717.793643951416)
[25/73 +1672s] ('fuzzy_sac', 'S2_grid_extreme', 456, 'ok', 193487.92920756518, 70.83333333333334, 0.6755676930067152, 1672.0864253044128)
[26/73 +0s] ('model', 'S2_grid_extreme', '', 'ok', 0.0, 0.0, 0.0, 0.250058650970459)
[27/73 +2464s] ('hfg_sac', 'S2_grid_extreme', 42, 'ok', 188497.070558557, 99.25595238095238, 0.5709232540726203, 2464.3470034599304)
[28/73 +2448s] ('hfg_sac', 'S2_grid_extreme', 123, 'ok', 153569.07367130736, 95.5357142857143, 0.5939419830206158, 2448.4900710582733)
[29/73 +1500s] ('sac', 'S3_island_normal', 42, 'ok', 41001.62962086266, 98.95833333333334, 0.7858238329458589, 1500.3139371871948)
[30/73 +297s] ('ppo', 'S3_island_normal', 42, 'ok', 70748.21879560375, 11.011904761904761, 0.9760404479406082, 296.7681829929352)
[31/73 +296s] ('ppo', 'S3_island_normal', 123, 'ok', 55326.83189710239, 1.339285714285714, 0.991085382313688, 296.1722640991211)
[32/73 +2322s] ('hfg_sac', 'S2_grid_extreme', 456, 'ok', 199267.4618641864, 99.25595238095238, 0.5774789847079393, 2322.205456018448)
[33/73 +1509s] ('sac', 'S3_island_normal', 123, 'ok', 36031.31457628915, 98.95833333333334, 0.7391451071619464, 1508.9679777622223)
[34/73 +302s] ('ppo', 'S3_island_normal', 456, 'ok', 75883.14862038838, 0.14880952380952378, 0.9994072708669753, 302.4242465496063)
[35/73 +326s] ('ppo_lagrangian', 'S3_island_normal', 42, 'ok', 75349.26031555193, 0.14880952380952378, 0.9990014825103198, 326.0613386631012)
[36/73 +389s] ('ppo_lagrangian', 'S3_island_normal', 123, 'ok', 79064.96034956283, 0.5952380952380951, 0.997094279977898, 388.51500415802)
[37/73 +514s] ('ppo_lagrangian', 'S3_island_normal', 456, 'ok', 74953.78307899898, 1.0416666666666665, 0.9947429797631491, 513.6727511882782)
[38/73 +1709s] ('sac', 'S3_island_normal', 456, 'ok', 18700.75945340708, 98.95833333333334, 0.7349600105908031, 1708.7215087413788)
[39/73 +558s] ('cpo', 'S3_island_normal', 42, 'ok', 76942.48634225079, 0.44642857142857134, 0.9983600214120271, 557.865311384201)
[40/73 +504s] ('cpo', 'S3_island_normal', 123, 'ok', 86766.97559030916, 0.7440476190476188, 0.9969703599348521, 503.9214358329773)
[41/73 +389s] ('cpo', 'S3_island_normal', 456, 'ok', 82516.56722391811, 2.5297619047619047, 0.9911561999655433, 388.96734738349915)
[42/73 +2176s] ('safety_layer', 'S3_island_normal', 42, 'ok', 24303.533476607554, 49.255952380952394, 0.8398571585135837, 2175.6649475097656)
[43/73 +2163s] ('safety_layer', 'S3_island_normal', 123, 'ok', 24604.917395665612, 72.17261904761905, 0.7752662804453558, 2162.6827807426453)
[44/73 +2141s] ('safety_layer', 'S3_island_normal', 456, 'ok', 29042.89144223334, 47.91666666666667, 0.8502540690966416, 2141.091071128845)
[45/73 +2314s] ('fuzzy_sac', 'S3_island_normal', 42, 'ok', 42994.36803732985, 98.6607142857143, 0.7921974209963121, 2313.5782549381256)
[46/73 +1896s] ('fuzzy_sac', 'S3_island_normal', 123, 'ok', 78912.44669011878, 19.345238095238095, 0.9382891011428691, 1896.3838818073273)
[47/73 +1893s] ('fuzzy_sac', 'S3_island_normal', 456, 'ok', 34173.83135268836, 64.2857142857143, 0.8313982898768231, 1893.4198265075684)
[48/73 +0s] ('model', 'S3_island_normal', '', 'ok', 0.0, 0.0, 0.0, 0.17438817024230957)
[49/73 +2745s] ('hfg_sac', 'S3_island_normal', 42, 'ok', 38023.1189664897, 98.95833333333334, 0.7798490358746337, 2745.0723457336426)
[50/73 +2776s] ('hfg_sac', 'S3_island_normal', 123, 'ok', 32082.753625977784, 98.95833333333334, 0.7864668761339944, 2776.299369096756)
[51/73 +1769s] ('sac', 'S4_island_extreme', 42, 'ok', 89818.17438691854, 98.95833333333334, 0.7661109648470197, 1768.6084718704224)
[52/73 +331s] ('ppo', 'S4_island_extreme', 42, 'ok', 96961.61257009607, 41.51785714285715, 0.8674117360608301, 330.7648546695709)
[53/73 +331s] ('ppo', 'S4_island_extreme', 123, 'ok', 77907.73190910419, 50.0, 0.8410852012371739, 330.9414265155792)
[54/73 +2731s] ('hfg_sac', 'S3_island_normal', 456, 'ok', 48345.012660224966, 32.88690476190476, 0.8977616176806998, 2730.7296826839447)
[55/73 +1781s] ('sac', 'S4_island_extreme', 123, 'ok', 52401.50231222855, 98.95833333333334, 0.7371607929517987, 1781.1317434310913)
[56/73 +322s] ('ppo', 'S4_island_extreme', 456, 'ok', 102971.87123737858, 39.58333333333333, 0.8755446056698478, 322.45745635032654)
[57/73 +335s] ('ppo_lagrangian', 'S4_island_extreme', 42, 'ok', 70031.46314425045, 54.76190476190477, 0.7075977456298953, 334.8430676460266)
[58/73 +1730s] ('sac', 'S4_island_extreme', 456, 'ok', 91945.0486083189, 98.95833333333334, 0.7459126734112991, 1729.875995874405)
[59/73 +330s] ('ppo_lagrangian', 'S4_island_extreme', 123, 'ok', 96940.95279728019, 45.38690476190476, 0.8567130827275514, 329.67708230018616)
[60/73 +328s] ('ppo_lagrangian', 'S4_island_extreme', 456, 'ok', 89685.99345744893, 45.83333333333333, 0.8527848646542495, 327.6583163738251)
[61/73 +328s] ('cpo', 'S4_island_extreme', 42, 'ok', 88532.88435852097, 50.44642857142857, 0.8150193949727897, 328.3888030052185)
[62/73 +330s] ('cpo', 'S4_island_extreme', 123, 'ok', 92633.96114411442, 47.91666666666667, 0.8491935597539921, 329.5685362815857)
[63/73 +336s] ('cpo', 'S4_island_extreme', 456, 'ok', 93256.52694181961, 48.51190476190476, 0.8399113626283901, 336.1218771934509)
[64/73 +1681s] ('safety_layer', 'S4_island_extreme', 42, 'ok', 66874.83783962717, 46.42857142857143, 0.8387292162713782, 1681.160745382309)
[65/73 +1679s] ('safety_layer', 'S4_island_extreme', 123, 'ok', 67432.92350863572, 55.95238095238095, 0.8164660163797965, 1679.3385066986084)
[66/73 +1689s] ('safety_layer', 'S4_island_extreme', 456, 'ok', 56300.3850306198, 69.94047619047618, 0.7782979695575423, 1689.205001115799)
[67/73 +1873s] ('fuzzy_sac', 'S4_island_extreme', 42, 'ok', 60623.319292649394, 98.95833333333334, 0.7580899286132576, 1872.5615339279175)
[68/73 +1926s] ('fuzzy_sac', 'S4_island_extreme', 123, 'ok', 92323.25713649392, 98.95833333333334, 0.7648586640991749, 1925.5877139568329)
[69/73 +1881s] ('fuzzy_sac', 'S4_island_extreme', 456, 'ok', 45517.751790208276, 98.51190476190479, 0.6506038211876166, 1881.137293100357)
[70/73 +0s] ('model', 'S4_island_extreme', '', 'ok', 0.0, 0.0, 0.0, 0.18335533142089844)
[71/73 +2679s] ('hfg_sac', 'S4_island_extreme', 42, 'ok', 68876.67736163102, 99.25595238095238, 0.713580803809353, 2678.7585146427155)
[72/73 +2702s] ('hfg_sac', 'S4_island_extreme', 123, 'ok', 64647.11434047669, 98.95833333333334, 0.7500446462638879, 2702.47421002388)
[73/73 +2034s] ('hfg_sac', 'S4_island_extreme', 456, 'ok', 66442.21532472875, 98.95833333333334, 0.769294494491813, 2034.3395020961761)
